[demo.highhay.com/timex/index.html]
[backblue.gif]
[fade.gif]
[index.html]
[demo.highhay.com/timex/css/normalize.css]
[demo.highhay.com/timex/css/pageloader.css]
[demo.highhay.com/timex/fonts/opensans/stylesheet.css]
[demo.highhay.com/timex/fonts/asap/stylesheet.css]
[demo.highhay.com/timex/css/ionicons.min.css]
[demo.highhay.com/timex/js/vendor/jquery.fullPage.css]
[demo.highhay.com/timex/js/vegas/vegas.min.css]
[demo.highhay.com/timex/css/foundation.min.css]
[demo.highhay.com/timex/css/main.css]
[demo.highhay.com/timex/css/main_responsive.css]
[demo.highhay.com/timex/css/style-color1.css]
[demo.highhay.com/timex/js/vendor/modernizr-2.7.1.min.js]
[demo.highhay.com/timex/img/logo_only.png]
[demo.highhay.com/timex/img/logo_large.png]
[demo.highhay.com/timex/js/vendor/jquery-1.11.2.min.js]
[demo.highhay.com/timex/js/jquery.downCount.js]
[demo.highhay.com/timex/js/vendor/all.js]
[demo.highhay.com/timex/js/form_script.js]
[demo.highhay.com/timex/index.html]
[demo.highhay.com/timex/js/main.js]
[demo.highhay.com/timex/css/normalize.css]
[demo.highhay.com/timex/css/pageloader.css]
[demo.highhay.com/timex/fonts/opensans/OpenSans-Bold-webfont.eot]
[demo.highhay.com/timex/fonts/opensans/OpenSans-Bold-webfontd41d.eot]
[demo.highhay.com/timex/fonts/opensans/OpenSans-Bold-webfont.woff]
[demo.highhay.com/timex/fonts/opensans/OpenSans-Bold-webfont.ttf]
[demo.highhay.com/timex/fonts/opensans/OpenSans-Bold-webfont.svg]
[demo.highhay.com/timex/fonts/opensans/opensans-light-webfont.eot]
[demo.highhay.com/timex/fonts/opensans/opensans-light-webfontd41d.eot]
[demo.highhay.com/timex/fonts/opensans/opensans-light-webfont.woff]
[demo.highhay.com/timex/fonts/opensans/opensans-light-webfont.ttf]
[demo.highhay.com/timex/fonts/opensans/opensans-light-webfont.svg]
[demo.highhay.com/timex/fonts/opensans/opensans-regular-webfont.eot]
[demo.highhay.com/timex/fonts/opensans/opensans-regular-webfontd41d.eot]
[demo.highhay.com/timex/fonts/opensans/opensans-regular-webfont.woff]
[demo.highhay.com/timex/fonts/opensans/opensans-regular-webfont.ttf]
[demo.highhay.com/timex/fonts/opensans/stylesheet.css]
[demo.highhay.com/timex/fonts/opensans/opensans-regular-webfont.svg]
[demo.highhay.com/timex/fonts/asap/Asap-Regular.otf]
[demo.highhay.com/timex/fonts/asap/Asap-Bold.otf]
[demo.highhay.com/timex/fonts/asap/Asap-Italic.otf]
[demo.highhay.com/timex/fonts/asap/stylesheet.css]
[demo.highhay.com/timex/fonts/asap/Asap-BoldItalic.otf]
[demo.highhay.com/timex/fonts/ioniconsbab9.eot]
[demo.highhay.com/timex/fonts/ioniconsbab9.ttf]
[demo.highhay.com/timex/fonts/ioniconsbab9.woff]
[demo.highhay.com/timex/fonts/ioniconsbab9.svg]
[demo.highhay.com/timex/css/ionicons.min.css]
[demo.highhay.com/timex/css/foundation.min.css]
[demo.highhay.com/timex/js/vendor/jquery.fullPage.css]
[demo.highhay.com/timex/js/vegas/overlays/02.png]
[demo.highhay.com/timex/js/vegas/vegas.min.css]
[demo.highhay.com/timex/img/bg-default.jpg]
[demo.highhay.com/timex/css/main.css]
[demo.highhay.com/timex/css/main_responsive.css]
[demo.highhay.com/timex/css/style-color1.css]
[demo.highhay.com/timex/fonts/opensans/OpenSans-Bold-webfont.svg]
[demo.highhay.com/timex/fonts/opensans/opensans-light-webfont.svg]
[demo.highhay.com/timex/fonts/opensans/opensans-regular-webfont.svg]
[demo.highhay.com/timex/fonts/ioniconsbab9.svg]
